Archive member included because of file (symbol)

c:/winavr-20100110/bin/../lib/gcc/avr/4.3.3/avr5\libgcc.a(_udivmodsi4.o)
                              ./pwm.o (__udivmodsi4)
c:/winavr-20100110/bin/../lib/gcc/avr/4.3.3/avr5\libgcc.a(_exit.o)
                              c:/winavr-20100110/bin/../lib/gcc/avr/4.3.3/../../../../avr/lib/avr5/crtm32.o (exit)
c:/winavr-20100110/bin/../lib/gcc/avr/4.3.3/avr5\libgcc.a(_clear_bss.o)
                              ./timer1.o (__do_clear_bss)

Memory Configuration

Name             Origin             Length             Attributes
text             0x00000000         0x00020000         xr
data             0x00800060         0x0000ffa0         rw !x
eeprom           0x00810000         0x00010000         rw !x
fuse             0x00820000         0x00000400         rw !x
lock             0x00830000         0x00000400         rw !x
signature        0x00840000         0x00000400         rw !x
*default*        0x00000000         0xffffffff

Linker script and memory map

LOAD c:/winavr-20100110/bin/../lib/gcc/avr/4.3.3/../../../../avr/lib/avr5/crtm32.o
LOAD ./DC_motor.o
LOAD ./buzzer.o
LOAD ./external_eeprom.o
LOAD ./gpio.o
LOAD ./main.o
LOAD ./pwm.o
LOAD ./timer1.o
LOAD ./twi.o
LOAD ./uart.o
LOAD c:/winavr-20100110/bin/../lib/gcc/avr/4.3.3/avr5\libgcc.a
LOAD c:/winavr-20100110/bin/../lib/gcc/avr/4.3.3/../../../../avr/lib/avr5\libc.a
LOAD c:/winavr-20100110/bin/../lib/gcc/avr/4.3.3/avr5\libgcc.a

.hash
 *(.hash)

.dynsym
 *(.dynsym)

.dynstr
 *(.dynstr)

.gnu.version
 *(.gnu.version)

.gnu.version_d
 *(.gnu.version_d)

.gnu.version_r
 *(.gnu.version_r)

.rel.init
 *(.rel.init)

.rela.init
 *(.rela.init)

.rel.text
 *(.rel.text)
 *(.rel.text.*)
 *(.rel.gnu.linkonce.t*)

.rela.text
 *(.rela.text)
 *(.rela.text.*)
 *(.rela.gnu.linkonce.t*)

.rel.fini
 *(.rel.fini)

.rela.fini
 *(.rela.fini)

.rel.rodata
 *(.rel.rodata)
 *(.rel.rodata.*)
 *(.rel.gnu.linkonce.r*)

.rela.rodata
 *(.rela.rodata)
 *(.rela.rodata.*)
 *(.rela.gnu.linkonce.r*)

.rel.data
 *(.rel.data)
 *(.rel.data.*)
 *(.rel.gnu.linkonce.d*)

.rela.data
 *(.rela.data)
 *(.rela.data.*)
 *(.rela.gnu.linkonce.d*)

.rel.ctors
 *(.rel.ctors)

.rela.ctors
 *(.rela.ctors)

.rel.dtors
 *(.rel.dtors)

.rela.dtors
 *(.rela.dtors)

.rel.got
 *(.rel.got)

.rela.got
 *(.rela.got)

.rel.bss
 *(.rel.bss)

.rela.bss
 *(.rela.bss)

.rel.plt
 *(.rel.plt)

.rela.plt
 *(.rela.plt)

.text           0x00000000      0xf72
 *(.vectors)
 .vectors       0x00000000       0x54 c:/winavr-20100110/bin/../lib/gcc/avr/4.3.3/../../../../avr/lib/avr5/crtm32.o
                0x00000000                __vectors
                0x00000000                __vector_default
 *(.vectors)
 *(.progmem.gcc*)
 *(.progmem*)
                0x00000054                . = ALIGN (0x2)
                0x00000054                __trampolines_start = .
 *(.trampolines)
 .trampolines   0x00000054        0x0 linker stubs
 *(.trampolines*)
                0x00000054                __trampolines_end = .
 *(.jumptables)
 *(.jumptables*)
 *(.lowtext)
 *(.lowtext*)
                0x00000054                __ctors_start = .
 *(.ctors)
                0x00000054                __ctors_end = .
                0x00000054                __dtors_start = .
 *(.dtors)
                0x00000054                __dtors_end = .
 SORT(*)(.ctors)
 SORT(*)(.dtors)
 *(.init0)
 .init0         0x00000054        0x0 c:/winavr-20100110/bin/../lib/gcc/avr/4.3.3/../../../../avr/lib/avr5/crtm32.o
                0x00000054                __init
 *(.init0)
 *(.init1)
 *(.init1)
 *(.init2)
 .init2         0x00000054        0xc c:/winavr-20100110/bin/../lib/gcc/avr/4.3.3/../../../../avr/lib/avr5/crtm32.o
 *(.init2)
 *(.init3)
 *(.init3)
 *(.init4)
 .init4         0x00000060       0x10 c:/winavr-20100110/bin/../lib/gcc/avr/4.3.3/avr5\libgcc.a(_clear_bss.o)
                0x00000060                __do_clear_bss
 *(.init4)
 *(.init5)
 *(.init5)
 *(.init6)
 *(.init6)
 *(.init7)
 *(.init7)
 *(.init8)
 *(.init8)
 *(.init9)
 .init9         0x00000070        0x8 c:/winavr-20100110/bin/../lib/gcc/avr/4.3.3/../../../../avr/lib/avr5/crtm32.o
 *(.init9)
 *(.text)
 .text          0x00000078        0x4 c:/winavr-20100110/bin/../lib/gcc/avr/4.3.3/../../../../avr/lib/avr5/crtm32.o
                0x00000078                __vector_1
                0x00000078                __vector_12
                0x00000078                __bad_interrupt
                0x00000078                __vector_6
                0x00000078                __vector_3
                0x00000078                __vector_11
                0x00000078                __vector_13
                0x00000078                __vector_17
                0x00000078                __vector_19
                0x00000078                __vector_5
                0x00000078                __vector_4
                0x00000078                __vector_2
                0x00000078                __vector_15
                0x00000078                __vector_8
                0x00000078                __vector_14
                0x00000078                __vector_10
                0x00000078                __vector_16
                0x00000078                __vector_18
                0x00000078                __vector_20
 .text          0x0000007c        0x0 ./DC_motor.o
 .text          0x0000007c        0x0 ./buzzer.o
 .text          0x0000007c        0x0 ./external_eeprom.o
 .text          0x0000007c        0x0 ./gpio.o
 .text          0x0000007c        0x0 ./main.o
 .text          0x0000007c        0x0 ./pwm.o
 .text          0x0000007c        0x0 ./timer1.o
 .text          0x0000007c        0x0 ./twi.o
 .text          0x0000007c        0x0 ./uart.o
 .text          0x0000007c        0x0 c:/winavr-20100110/bin/../lib/gcc/avr/4.3.3/avr5\libgcc.a(_udivmodsi4.o)
 .text          0x0000007c        0x0 c:/winavr-20100110/bin/../lib/gcc/avr/4.3.3/avr5\libgcc.a(_exit.o)
 .text          0x0000007c        0x0 c:/winavr-20100110/bin/../lib/gcc/avr/4.3.3/avr5\libgcc.a(_clear_bss.o)
                0x0000007c                . = ALIGN (0x2)
 *(.text.*)
 .text.DcMotor_Init
                0x0000007c       0x36 ./DC_motor.o
                0x0000007c                DcMotor_Init
 .text.DcMotor_Rotate
                0x000000b2       0x8e ./DC_motor.o
                0x000000b2                DcMotor_Rotate
 .text.Buzzer_init
                0x00000140       0x18 ./buzzer.o
                0x00000140                Buzzer_init
 .text.Buzzer_on
                0x00000158       0x18 ./buzzer.o
                0x00000158                Buzzer_on
 .text.Buzzer_off
                0x00000170       0x18 ./buzzer.o
                0x00000170                Buzzer_off
 .text.EEPROM_writeByte
                0x00000188       0x82 ./external_eeprom.o
                0x00000188                EEPROM_writeByte
 .text.EEPROM_readByte
                0x0000020a       0xc0 ./external_eeprom.o
                0x0000020a                EEPROM_readByte
 .text.GPIO_setupPinDirection
                0x000002ca      0x1d6 ./gpio.o
                0x000002ca                GPIO_setupPinDirection
 .text.GPIO_writePin
                0x000004a0      0x1d6 ./gpio.o
                0x000004a0                GPIO_writePin
 .text.GPIO_readPin
                0x00000676      0x136 ./gpio.o
                0x00000676                GPIO_readPin
 .text.GPIO_setupPortDirection
                0x000007ac       0x88 ./gpio.o
                0x000007ac                GPIO_setupPortDirection
 .text.GPIO_writePort
                0x00000834       0x88 ./gpio.o
                0x00000834                GPIO_writePort
 .text.GPIO_readPort
                0x000008bc       0x8a ./gpio.o
                0x000008bc                GPIO_readPort
 .text.PWM_Timer0_Start
                0x00000946       0xaa ./pwm.o
                0x00000946                PWM_Timer0_Start
 .text.Timer1_init
                0x000009f0       0xb8 ./timer1.o
                0x000009f0                Timer1_init
 .text.Timer1_deInit
                0x00000aa8       0x36 ./timer1.o
                0x00000aa8                Timer1_deInit
 .text.Timer1_setCallBack
                0x00000ade       0x24 ./timer1.o
                0x00000ade                Timer1_setCallBack
 .text.__vector_9
                0x00000b02       0x66 ./timer1.o
                0x00000b02                __vector_9
 .text.__vector_7
                0x00000b68       0x66 ./timer1.o
                0x00000b68                __vector_7
 .text.TWI_init
                0x00000bce       0x3a ./twi.o
                0x00000bce                TWI_init
 .text.TWI_start
                0x00000c08       0x20 ./twi.o
                0x00000c08                TWI_start
 .text.TWI_stop
                0x00000c28       0x16 ./twi.o
                0x00000c28                TWI_stop
 .text.TWI_writeByte
                0x00000c3e       0x2e ./twi.o
                0x00000c3e                TWI_writeByte
 .text.TWI_readByteWithACK
                0x00000c6c       0x26 ./twi.o
                0x00000c6c                TWI_readByteWithACK
 .text.TWI_readByteWithNACK
                0x00000c92       0x26 ./twi.o
                0x00000c92                TWI_readByteWithNACK
 .text.TWI_getStatus
                0x00000cb8       0x1e ./twi.o
                0x00000cb8                TWI_getStatus
 .text.UART_init
                0x00000cd6      0x130 ./uart.o
                0x00000cd6                UART_init
 .text.UART_sendByte
                0x00000e06       0x2e ./uart.o
                0x00000e06                UART_sendByte
 .text.UART_recieveByte
                0x00000e34       0x1e ./uart.o
                0x00000e34                UART_recieveByte
 .text.UART_sendString
                0x00000e52       0x52 ./uart.o
                0x00000e52                UART_sendString
 .text.UART_receiveString
                0x00000ea4       0x86 ./uart.o
                0x00000ea4                UART_receiveString
 .text.libgcc   0x00000f2a       0x44 c:/winavr-20100110/bin/../lib/gcc/avr/4.3.3/avr5\libgcc.a(_udivmodsi4.o)
                0x00000f2a                __udivmodsi4
 .text.libgcc   0x00000f6e        0x0 c:/winavr-20100110/bin/../lib/gcc/avr/4.3.3/avr5\libgcc.a(_exit.o)
 .text.libgcc   0x00000f6e        0x0 c:/winavr-20100110/bin/../lib/gcc/avr/4.3.3/avr5\libgcc.a(_clear_bss.o)
                0x00000f6e                . = ALIGN (0x2)
 *(.fini9)
 .fini9         0x00000f6e        0x0 c:/winavr-20100110/bin/../lib/gcc/avr/4.3.3/avr5\libgcc.a(_exit.o)
                0x00000f6e                exit
                0x00000f6e                _exit
 *(.fini9)
 *(.fini8)
 *(.fini8)
 *(.fini7)
 *(.fini7)
 *(.fini6)
 *(.fini6)
 *(.fini5)
 *(.fini5)
 *(.fini4)
 *(.fini4)
 *(.fini3)
 *(.fini3)
 *(.fini2)
 *(.fini2)
 *(.fini1)
 *(.fini1)
 *(.fini0)
 .fini0         0x00000f6e        0x4 c:/winavr-20100110/bin/../lib/gcc/avr/4.3.3/avr5\libgcc.a(_exit.o)
 *(.fini0)
                0x00000f72                _etext = .

.data           0x00800060        0x0 load address 0x00000f72
                0x00800060                PROVIDE (__data_start, .)
 *(.data)
 .data          0x00800060        0x0 c:/winavr-20100110/bin/../lib/gcc/avr/4.3.3/../../../../avr/lib/avr5/crtm32.o
 .data          0x00800060        0x0 ./DC_motor.o
 .data          0x00800060        0x0 ./buzzer.o
 .data          0x00800060        0x0 ./external_eeprom.o
 .data          0x00800060        0x0 ./gpio.o
 .data          0x00800060        0x0 ./main.o
 .data          0x00800060        0x0 ./pwm.o
 .data          0x00800060        0x0 ./timer1.o
 .data          0x00800060        0x0 ./twi.o
 .data          0x00800060        0x0 ./uart.o
 .data          0x00800060        0x0 c:/winavr-20100110/bin/../lib/gcc/avr/4.3.3/avr5\libgcc.a(_udivmodsi4.o)
 .data          0x00800060        0x0 c:/winavr-20100110/bin/../lib/gcc/avr/4.3.3/avr5\libgcc.a(_exit.o)
 .data          0x00800060        0x0 c:/winavr-20100110/bin/../lib/gcc/avr/4.3.3/avr5\libgcc.a(_clear_bss.o)
 *(.data*)
 *(.rodata)
 *(.rodata*)
 *(.gnu.linkonce.d*)
                0x00800060                . = ALIGN (0x2)
                0x00800060                _edata = .
                0x00800060                PROVIDE (__data_end, .)

.bss            0x00800060        0x2
                0x00800060                PROVIDE (__bss_start, .)
 *(.bss)
 .bss           0x00800060        0x0 c:/winavr-20100110/bin/../lib/gcc/avr/4.3.3/../../../../avr/lib/avr5/crtm32.o
 .bss           0x00800060        0x0 ./DC_motor.o
 .bss           0x00800060        0x0 ./buzzer.o
 .bss           0x00800060        0x0 ./external_eeprom.o
 .bss           0x00800060        0x0 ./gpio.o
 .bss           0x00800060        0x0 ./main.o
 .bss           0x00800060        0x0 ./pwm.o
 .bss           0x00800060        0x0 ./timer1.o
 .bss           0x00800060        0x0 ./twi.o
 .bss           0x00800060        0x0 ./uart.o
 .bss           0x00800060        0x0 c:/winavr-20100110/bin/../lib/gcc/avr/4.3.3/avr5\libgcc.a(_udivmodsi4.o)
 .bss           0x00800060        0x0 c:/winavr-20100110/bin/../lib/gcc/avr/4.3.3/avr5\libgcc.a(_exit.o)
 .bss           0x00800060        0x0 c:/winavr-20100110/bin/../lib/gcc/avr/4.3.3/avr5\libgcc.a(_clear_bss.o)
 *(.bss*)
 .bss.g_callBackPtr
                0x00800060        0x2 ./timer1.o
 *(COMMON)
                0x00800062                PROVIDE (__bss_end, .)
                0x00000f72                __data_load_start = LOADADDR (.data)
                0x00000f72                __data_load_end = (__data_load_start + SIZEOF (.data))

.noinit         0x00800062        0x0
                0x00800062                PROVIDE (__noinit_start, .)
 *(.noinit*)
                0x00800062                PROVIDE (__noinit_end, .)
                0x00800062                _end = .
                0x00800062                PROVIDE (__heap_start, .)

.eeprom         0x00810000        0x0
 *(.eeprom*)
                0x00810000                __eeprom_end = .

.fuse
 *(.fuse)
 *(.lfuse)
 *(.hfuse)
 *(.efuse)

.lock
 *(.lock*)

.signature
 *(.signature*)

.stab           0x00000000     0x1cd4
 *(.stab)
 .stab          0x00000000      0x2e8 ./DC_motor.o
 .stab          0x000002e8      0x198 ./buzzer.o
                                0x270 (size before relaxing)
 .stab          0x00000480      0x360 ./external_eeprom.o
                                0x3fc (size before relaxing)
 .stab          0x000007e0      0x798 ./gpio.o
                                0x870 (size before relaxing)
 .stab          0x00000f78       0xd8 ./main.o
                                 0xe4 (size before relaxing)
 .stab          0x00001050      0x1c8 ./pwm.o
                                0x450 (size before relaxing)
 .stab          0x00001218      0x348 ./timer1.o
                                0x594 (size before relaxing)
 .stab          0x00001560      0x33c ./twi.o
                                0x5d0 (size before relaxing)
 .stab          0x0000189c      0x438 ./uart.o
                                0x684 (size before relaxing)

.stabstr        0x00000000     0x1159
 *(.stabstr)
 .stabstr       0x00000000     0x1159 ./DC_motor.o

.stab.excl
 *(.stab.excl)

.stab.exclstr
 *(.stab.exclstr)

.stab.index
 *(.stab.index)

.stab.indexstr
 *(.stab.indexstr)

.comment
 *(.comment)

.debug
 *(.debug)

.line
 *(.line)

.debug_srcinfo
 *(.debug_srcinfo)

.debug_sfnames
 *(.debug_sfnames)

.debug_aranges
 *(.debug_aranges)

.debug_pubnames
 *(.debug_pubnames)

.debug_info
 *(.debug_info)
 *(.gnu.linkonce.wi.*)

.debug_abbrev
 *(.debug_abbrev)

.debug_line
 *(.debug_line)

.debug_frame
 *(.debug_frame)

.debug_str
 *(.debug_str)

.debug_loc
 *(.debug_loc)

.debug_macinfo
 *(.debug_macinfo)
OUTPUT(Mc2.elf elf32-avr)
LOAD linker stubs
